Program Version,EnergyPlus, Version 26.1.0-6f2e40d102, YMD=2026.08.31 08:20,
   ** Warning ** CheckEnvironmentSpecifications: SimulationControl specified doing design day simulations, but no design environments specified.
   **   ~~~   ** ...No design environment results produced. For these results, add appropriate SizingPeriod:* objects for your simulation.
   ************* Testing Individual Branch Integrity
   ************* All Branches passed integrity testing
   ************* Testing Individual Supply Air Path Integrity
   ************* All Supply Air Paths passed integrity testing
   ************* Testing Individual Return Air Path Integrity
   ************* All Return Air Paths passed integrity testing
   ************* No node connection errors were found.
   ************* Beginning Simulation
   ************* Simulation Error Summary *************
   ** Warning ** The following Report Variables were requested but not generated -- check.rdd file
   **   ~~~   ** Either the IDF did not contain these elements, the variable name is misspelled,
   **   ~~~   ** or the requested variable is an advanced output which requires Output : Diagnostics, DisplayAdvancedReportVariables;
   ************* Key=*, VarName=ZONE WINDOWS TOTAL TRANSMITTED SOLAR RADIATION RATE, Frequency=Hourly
   ************* Key=*, VarName=ZONE VENTILATION TOTAL HEAT LOSS ENERGY, Frequency=Hourly
   *************
   ************* ===== Recurring Surface Error Summary =====
   ************* The following surface error messages occurred.
   *************
   ************* Base Surface does not surround subsurface errors occurring...
   ************* Check that the GlobalGeometryRules object is expressing the proper starting corner and direction [CounterClockwise/Clockwise]
   *************
   ** Warning ** Base surface does not surround subsurface (CHKSBS), Overlap Status=Partial-Overlap
   **   ~~~   **   The base surround errors occurred 1 times.
   **   ~~~   ** Surface "SOUTH_WALL" overlaps SubSurface "WINDOW"
   ** Warning ** Base surface does not surround subsurface (CHKSBS), Overlap Status=Partial-Overlap
   **   ~~~   **   The base surround errors occurred 1 times.
   **   ~~~   ** Surface "WEST_WALL" overlaps SubSurface "DOOR"
   *************
   **   ~~~   **   The base surround errors occurred 2 times (total).
   *************
   ************* EnergyPlus Warmup Error Summary. During Warmup: 0 Warning; 0 Severe Errors.
   ************* EnergyPlus Sizing Error Summary. During Sizing: 0 Warning; 0 Severe Errors.
   ************* EnergyPlus Completed Successfully-- 3 Warning; 0 Severe Errors; Elapsed Time=00hr 00min  0.75sec
